2026-01-28 21:42:56,146 INFO o.a.j.u.JMeterUtils: Setting Locale to en_EN
2026-01-28 21:42:56,158 INFO o.a.j.JMeter: Loading user properties from: /opt/homebrew/Cellar/jmeter/5.6.3/libexec/bin/user.properties
2026-01-28 21:42:56,158 INFO o.a.j.JMeter: Loading system properties from: /opt/homebrew/Cellar/jmeter/5.6.3/libexec/bin/system.properties
2026-01-28 21:42:56,161 INFO o.a.j.JMeter: Copyright (c) 1998-2024 The Apache Software Foundation
2026-01-28 21:42:56,161 INFO o.a.j.JMeter: Version 5.6.3
2026-01-28 21:42:56,161 INFO o.a.j.JMeter: java.version=21.0.8
2026-01-28 21:42:56,161 INFO o.a.j.JMeter: java.vm.name=OpenJDK 64-Bit Server VM
2026-01-28 21:42:56,161 INFO o.a.j.JMeter: os.name=Mac OS X
2026-01-28 21:42:56,161 INFO o.a.j.JMeter: os.arch=aarch64
2026-01-28 21:42:56,161 INFO o.a.j.JMeter: os.version=26.2
2026-01-28 21:42:56,161 INFO o.a.j.JMeter: file.encoding=UTF-8
2026-01-28 21:42:56,161 INFO o.a.j.JMeter: java.awt.headless=null
2026-01-28 21:42:56,161 INFO o.a.j.JMeter: Max memory     =1073741824
2026-01-28 21:42:56,161 INFO o.a.j.JMeter: Available Processors =11
2026-01-28 21:42:56,167 INFO o.a.j.JMeter: Default Locale=English (EN)
2026-01-28 21:42:56,167 INFO o.a.j.JMeter: JMeter  Locale=English (EN)
2026-01-28 21:42:56,167 INFO o.a.j.JMeter: JMeterHome=/opt/homebrew/Cellar/jmeter/5.6.3/libexec
2026-01-28 21:42:56,167 INFO o.a.j.JMeter: user.dir  =/Users/shashank.pandey/Desktop/Codebase/MDBaaS/Github-repo/mdb-ops-ansible
2026-01-28 21:42:56,167 INFO o.a.j.JMeter: PWD       =/Users/shashank.pandey/Desktop/Codebase/MDBaaS/Github-repo/mdb-ops-ansible
2026-01-28 21:43:07,178 INFO o.a.j.JMeter: IP: 192.168.1.4 Name: M-DXLHV7PMFX FullName: 192.168.1.4
2026-01-28 21:43:07,202 INFO o.a.j.JMeter: Loaded icon properties from org/apache/jmeter/images/icon.properties
2026-01-28 21:43:08,086 INFO o.a.j.JMeterGuiLauncher: Setting LAF to: com.github.weisj.darklaf.DarkLaf:com.github.weisj.darklaf.theme.DarculaTheme
2026-01-28 21:43:09,829 INFO o.a.j.r.ClassFinder: Will scan jar /opt/homebrew/Cellar/jmeter/5.6.3/libexec/lib/ext/jmeter-plugins-manager-1.9.jar with filter ExtendsClassFilter [parents=[interface org.apache.jmeter.gui.action.Command], inner=false, contains=null, notContains=null]. Consider exposing JMeter plugins via META-INF/services, and add JMeter-Skip-Class-Scanning=true manifest attribute so JMeter can skip classfile scanning
2026-01-28 21:43:09,919 INFO o.a.j.r.ClassFinder: Will scan jar /opt/homebrew/Cellar/jmeter/5.6.3/libexec/lib/ext/jmeter-plugins-manager-1.9.jar with filter ExtendsClassFilter [parents=[interface org.apache.jmeter.gui.plugin.MenuCreator], inner=false, contains=null, notContains=null]. Consider exposing JMeter plugins via META-INF/services, and add JMeter-Skip-Class-Scanning=true manifest attribute so JMeter can skip classfile scanning
2026-01-28 21:43:09,991 INFO o.j.r.JARSourceHTTP: Requesting https://jmeter-plugins.org/repo/?installID=mac_os_x-10d38dc63a30894ffedab7bfcff7d193-gui
2026-01-28 21:43:12,389 INFO o.j.r.PluginManager: Plugins Status: [jpgc-plugins-manager=1.9, jmeter-core=5.6.3, jmeter-ftp=5.6.3, jmeter-http=5.6.3, jmeter-jdbc=5.6.3, jmeter-jms=5.6.3, jmeter-junit=5.6.3, jmeter-java=5.6.3, jmeter-ldap=5.6.3, jmeter-mail=5.6.3, jmeter-mongodb=5.6.3, jmeter-native=5.6.3, jmeter-tcp=5.6.3, jmeter-components=5.6.3]
2026-01-28 21:43:12,389 INFO o.j.r.PluginManagerMenuItem: Plugins Manager has upgrades: [jpgc-plugins-manager]
2026-01-28 21:44:24,614 INFO o.a.j.e.KeyToolUtils: keytool found at 'keytool'
2026-01-28 21:44:24,614 INFO o.a.j.p.h.p.ProxyControl: HTTP(S) Test Script Recorder SSL Proxy will use keys that support embedded 3rd party resources in file /opt/homebrew/Cellar/jmeter/5.6.3/libexec/bin/proxyserver.jks
2026-01-28 22:23:24,961 INFO o.a.j.e.u.CompoundVariable: Note: Function class names must contain the string: '.functions.'
2026-01-28 22:23:24,962 INFO o.a.j.e.u.CompoundVariable: Note: Function class names must not contain the string: '.gui.'
2026-01-28 22:23:25,020 INFO o.a.j.r.ClassFinder: Will scan jar /opt/homebrew/Cellar/jmeter/5.6.3/libexec/lib/ext/jmeter-plugins-manager-1.9.jar with filter ExtendsClassFilter [parents=[interface org.apache.jmeter.functions.Function], inner=false, contains=null, notContains=null]. Consider exposing JMeter plugins via META-INF/services, and add JMeter-Skip-Class-Scanning=true manifest attribute so JMeter can skip classfile scanning
2026-01-28 22:23:25,028 INFO o.a.j.p.h.p.ProxyControl: Creating HTTP(S) Test Script Recorder Root CA in /opt/homebrew/Cellar/jmeter/5.6.3/libexec/bin/proxyserver.jks, ensure you install certificate in your Browser for recording
2026-01-28 22:23:27,085 WARN o.a.j.e.KeyToolUtils: Failed creating /Users/shashank.pandey/Desktop/Codebase/MDBaaS/Github-repo/mdb-ops-ansible/ApacheJMeterTemporaryRootCA.crt, check 'keytool' utility in path is available and points to a JDK >= 7
2026-01-28 22:23:27,085 INFO o.a.j.p.h.p.ProxyControl: Created keystore in /opt/homebrew/Cellar/jmeter/5.6.3/libexec/bin/proxyserver.jks
2026-01-28 22:23:27,123 INFO o.a.j.p.h.p.Daemon: Creating Daemon Socket on port: 8888
2026-01-28 22:23:27,131 INFO o.a.j.p.h.p.Daemon: Test Script Recorder up and running!
2026-01-28 22:23:52,906 INFO o.a.j.r.ClassFinder: Will scan jar /opt/homebrew/Cellar/jmeter/5.6.3/libexec/lib/ext/jmeter-plugins-manager-1.9.jar with filter ExtendsClassFilter [parents=[interface org.apache.jmeter.protocol.http.proxy.SamplerCreator], inner=false, contains=null, notContains=null]. Consider exposing JMeter plugins via META-INF/services, and add JMeter-Skip-Class-Scanning=true manifest attribute so JMeter can skip classfile scanning
2026-01-28 22:23:52,909 INFO o.a.j.p.h.p.Proxy: Proxy will remove the headers: If-Modified-Since,If-None-Match,Host
2026-01-28 22:23:52,913 INFO o.a.j.s.SampleResult: Note: Sample TimeStamps are START times
2026-01-28 22:23:52,913 INFO o.a.j.s.SampleResult: sampleresult.default.encoding is set to UTF-8
2026-01-28 22:23:52,913 INFO o.a.j.s.SampleResult: sampleresult.useNanoTime=true
2026-01-28 22:23:52,913 INFO o.a.j.s.SampleResult: sampleresult.nanoThreadSleep=5000
2026-01-28 22:23:52,914 INFO o.a.j.p.h.p.ProxyControl: [61630]  Creating entry drivefrontend-pa.googleapis.com in /opt/homebrew/Cellar/jmeter/5.6.3/libexec/bin/proxyserver.jks
2026-01-28 22:23:54,495 INFO o.a.j.p.h.p.Proxy: [61630]  KeyStore for SSL loaded OK and put host 'drivefrontend-pa.googleapis.com' in map with key (drivefrontend-pa.googleapis.com)
2026-01-28 22:23:54,532 WARN o.a.j.p.h.p.Proxy: [61630]  Problem with SSL certificate for url  for 'drivefrontend-pa.googleapis.com'? Ensure browser is set to accept the JMeter proxy cert: Received fatal alert: unknown_ca
2026-01-28 22:23:54,532 INFO o.a.j.s.SampleEvent: List of sample_variables: []
2026-01-28 22:23:54,983 INFO o.a.j.p.h.s.HTTPSamplerBase: Parser for text/html is org.apache.jmeter.protocol.http.parser.LagartoBasedHtmlParser
2026-01-28 22:23:54,984 INFO o.a.j.p.h.s.HTTPSamplerBase: Parser for application/xhtml+xml is org.apache.jmeter.protocol.http.parser.LagartoBasedHtmlParser
2026-01-28 22:23:54,984 INFO o.a.j.p.h.s.HTTPSamplerBase: Parser for application/xml is org.apache.jmeter.protocol.http.parser.LagartoBasedHtmlParser
2026-01-28 22:23:54,984 INFO o.a.j.p.h.s.HTTPSamplerBase: Parser for text/xml is org.apache.jmeter.protocol.http.parser.LagartoBasedHtmlParser
2026-01-28 22:23:54,985 INFO o.a.j.p.h.s.HTTPSamplerBase: Parser for text/vnd.wap.wml is org.apache.jmeter.protocol.http.parser.RegexpHTMLParser
2026-01-28 22:23:54,985 INFO o.a.j.p.h.s.HTTPSamplerBase: Parser for text/css is org.apache.jmeter.protocol.http.parser.CssParser
2026-01-28 22:23:54,996 INFO o.a.j.p.h.s.HTTPHCAbstractImpl: Local host = M-DXLHV7PMFX
2026-01-28 22:23:55,003 INFO o.a.j.p.h.s.HTTPHC4Impl: HTTP request retry count = 0
2026-01-28 22:23:56,208 INFO o.a.j.p.h.p.ProxyControl: Add sample /activity/alerts/OPEN/6971cfe1d5b6737b86bacc16-1 into controller 
2026-01-28 22:24:01,492 INFO o.a.j.p.h.p.ProxyControl: Add sample /servers/list/6971cfe1d5b6737b86bacc16-2 into controller 
2026-01-28 22:24:02,300 INFO o.a.j.p.h.p.ProxyControl: Add sample /usageTypes-5 into controller 
2026-01-28 22:24:02,311 INFO o.a.j.p.h.p.ProxyControl: Add sample /group/6971cfe1d5b6737b86bacc16/usage/assignments-3 into controller 
2026-01-28 22:24:02,505 INFO o.a.j.p.h.p.ProxyControl: Add sample /servers/cards/6971cfe1d5b6737b86bacc16-4 into controller 
2026-01-28 22:24:08,004 INFO o.a.j.p.h.p.ProxyControl: Add sample /automation/userPinnedCards/6971cfe1d5b6737b86bacc16-11 into controller 
2026-01-28 22:24:08,009 INFO o.a.j.p.h.p.ProxyControl: Add sample /metrics/v1/groups/6971cfe1d5b6737b86bacc16/clusters/697a2680d5b6737b8636f2d8/cards/available-8 into controller 
2026-01-28 22:24:08,013 INFO o.a.j.p.h.p.ProxyControl: Add sample /metrics/v1/groups/6971cfe1d5b6737b86bacc16/clusters/697222ded5b6737b86bf3b8d/cards/available-6 into controller 
2026-01-28 22:24:08,015 INFO o.a.j.p.h.p.ProxyControl: Add sample /groups/6971cfe1d5b6737b86bacc16/clusters/rs0/liveMigrations-9 into controller 
2026-01-28 22:24:08,017 INFO o.a.j.p.h.p.ProxyControl: Add sample /automation/cards/6971cfe1d5b6737b86bacc16-10 into controller 
2026-01-28 22:24:08,019 INFO o.a.j.p.h.p.ProxyControl: Add sample /groups/6971cfe1d5b6737b86bacc16/clusters/configRS/liveMigrations-7 into controller 
2026-01-28 22:24:09,220 INFO o.a.j.p.h.p.ProxyControl: Add sample /static/dist/project/1525.3f97a2f6f46e4bf5b351.js-15 into controller 
2026-01-28 22:24:09,233 INFO o.a.j.p.h.p.ProxyControl: Add sample /static/dist/project/2501.41380f028ff92f165603.js-13 into controller 
2026-01-28 22:24:09,239 INFO o.a.j.p.h.p.ProxyControl: Add sample /static/dist/project/9322.fd0c6cd1e6afb17364b6.js-16 into controller 
2026-01-28 22:24:09,244 INFO o.a.j.p.h.p.ProxyControl: Add sample /static/dist/project/295.36c8b401f1ed559f2eee.js-12 into controller 
2026-01-28 22:24:09,628 INFO o.a.j.p.h.p.ProxyControl: Add sample /static/dist/project/7750.6924f4679f8c0a1edb15.js-14 into controller 
2026-01-28 22:24:09,843 INFO o.a.j.p.h.p.ProxyControl: Add sample /static/dist/project/5168.806b39b9c2bba05f2296.js-19 into controller 
2026-01-28 22:24:10,232 INFO o.a.j.p.h.p.ProxyControl: Add sample /static/dist/project/1957.56473731c5c99fa3492f.js-18 into controller 
2026-01-28 22:24:11,866 INFO o.a.j.p.h.p.ProxyControl: Add sample /static/dist/project/metrics.c04a40ad82422e0cf3ab.js-20 into controller 
2026-01-28 22:24:12,475 INFO o.a.j.p.h.p.ProxyControl: Add sample /servers/list/6971cfe1d5b6737b86bacc16-21 into controller 
2026-01-28 22:24:12,487 INFO o.a.j.p.h.p.ProxyControl: Add sample /static/dist/project/1444.9478ad8cfb6e8a33293f.js-17 into controller 
2026-01-28 22:24:13,085 INFO o.a.j.p.h.p.ProxyControl: Add sample /usageTypes-24 into controller 
2026-01-28 22:24:13,096 INFO o.a.j.p.h.p.ProxyControl: Add sample /group/6971cfe1d5b6737b86bacc16/usage/assignments-23 into controller 
2026-01-28 22:24:13,101 INFO o.a.j.p.h.p.ProxyControl: Add sample /servers/cards/6971cfe1d5b6737b86bacc16-22 into controller 
2026-01-28 22:24:17,166 INFO o.a.j.p.h.p.ProxyControl: Add sample /automation/agents/monitoring/6971cfe1d5b6737b86bacc16-25 into controller 
2026-01-28 22:24:18,179 INFO o.a.j.p.h.p.ProxyControl: Add sample /automation/deploymentStatus/6971cfe1d5b6737b86bacc16-26 into controller 
2026-01-28 22:24:18,785 INFO o.a.j.p.h.p.ProxyControl: Add sample /automation/deploymentStatus/6971cfe1d5b6737b86bacc16-27 into controller 
2026-01-28 22:24:18,989 INFO o.a.j.p.h.p.ProxyControl: Add sample /servers/cards/6971cfe1d5b6737b86bacc16-28 into controller 
2026-01-28 22:24:22,846 INFO o.a.j.p.h.p.ProxyControl: Add sample /automation/agents/cleanStaleAgents/6971cfe1d5b6737b86bacc16-29 into controller 
2026-01-28 22:24:23,459 INFO o.a.j.p.h.p.ProxyControl: Add sample /automation/conf/diff/6971cfe1d5b6737b86bacc16-30 into controller 
2026-01-28 22:24:28,547 INFO o.a.j.p.h.p.ProxyControl: Add sample /automation/conf/publish/6971cfe1d5b6737b86bacc16-31 into controller 
2026-01-28 22:24:29,358 INFO o.a.j.p.h.p.ProxyControl: Add sample /automation/deploymentStatus/6971cfe1d5b6737b86bacc16-32 into controller 
2026-01-28 22:24:29,967 INFO o.a.j.p.h.p.ProxyControl: Add sample /automation/conf/6971cfe1d5b6737b86bacc16-33 into controller 
2026-01-28 22:24:30,172 INFO o.a.j.p.h.p.ProxyControl: Add sample /servers/cards/6971cfe1d5b6737b86bacc16-34 into controller 
2026-01-28 22:24:30,774 WARN o.a.j.p.h.p.Proxy: [61727]  Problem with SSL certificate for url  for 'drivefrontend-pa.googleapis.com'? Ensure browser is set to accept the JMeter proxy cert: Received fatal alert: unknown_ca
2026-01-28 22:24:33,234 INFO o.a.j.p.h.p.ProxyControl: Add sample /automation/deploymentStatus/6971cfe1d5b6737b86bacc16-35 into controller 
2026-01-28 22:24:33,885 INFO o.a.j.p.h.p.ProxyControl: [61731]  Creating entry nexus-websocket-a.intercom.io in /opt/homebrew/Cellar/jmeter/5.6.3/libexec/bin/proxyserver.jks
2026-01-28 22:24:35,385 INFO o.a.j.p.h.p.Proxy: [61731]  KeyStore for SSL loaded OK and put host 'nexus-websocket-a.intercom.io' in map with key (nexus-websocket-a.intercom.io)
2026-01-28 22:24:35,455 WARN o.a.j.p.h.p.Proxy: [61731]  Problem with SSL certificate for url  for 'nexus-websocket-a.intercom.io'? Ensure browser is set to accept the JMeter proxy cert: Received fatal alert: certificate_unknown
2026-01-28 22:24:36,084 INFO o.a.j.p.h.p.ProxyControl: Add sample /automation/deploymentStatus/6971cfe1d5b6737b86bacc16-36 into controller 
2026-01-28 22:24:39,341 INFO o.a.j.p.h.p.ProxyControl: Add sample /automation/deploymentStatus/6971cfe1d5b6737b86bacc16-37 into controller 
2026-01-28 22:24:44,865 WARN o.a.j.p.h.p.Proxy: [61740]  Problem with SSL certificate for url  for 'nexus-websocket-a.intercom.io'? Ensure browser is set to accept the JMeter proxy cert: Received fatal alert: certificate_unknown
2026-01-28 22:24:49,881 WARN o.a.j.p.h.p.Proxy: [61748]  Problem with SSL certificate for url  for 'nexus-websocket-a.intercom.io'? Ensure browser is set to accept the JMeter proxy cert: Received fatal alert: certificate_unknown
2026-01-28 22:24:50,991 WARN o.a.j.p.h.p.Proxy: [61749]  Problem with SSL certificate for url  for 'drivefrontend-pa.googleapis.com'? Ensure browser is set to accept the JMeter proxy cert: Received fatal alert: unknown_ca
2026-01-28 22:25:07,889 WARN o.a.j.p.h.p.Proxy: [61753]  Problem with SSL certificate for url  for 'nexus-websocket-a.intercom.io'? Ensure browser is set to accept the JMeter proxy cert: Received fatal alert: certificate_unknown
2026-01-28 22:25:07,920 WARN o.a.j.p.h.p.Proxy: [61754]  Problem with SSL certificate for url  for 'nexus-websocket-a.intercom.io'? Ensure browser is set to accept the JMeter proxy cert: Received fatal alert: certificate_unknown
2026-01-28 22:25:11,881 WARN o.a.j.p.h.p.Proxy: [61757]  Problem with SSL certificate for url  for 'nexus-websocket-a.intercom.io'? Ensure browser is set to accept the JMeter proxy cert: Received fatal alert: certificate_unknown
2026-01-28 22:25:12,407 WARN o.a.j.p.h.p.Proxy: [61758]  Problem with SSL certificate for url  for 'drivefrontend-pa.googleapis.com'? Ensure browser is set to accept the JMeter proxy cert: Received fatal alert: unknown_ca
2026-01-28 22:25:13,400 INFO o.a.j.p.h.p.Daemon: HTTP(S) Test Script Recorder stopped
